<html>
<body>
<pre>
<h1>µVision Build Log</h1>
<h2>Tool Versions:</h2>
IDE-Version: ¦ÌVision V5.23.0.0
Copyright (C) 2017 ARM Ltd and ARM Germany GmbH. All rights reserved.
License Information: 123 ASUS, 123, LIC=8MZI6-D149S-NT43G-V72HG-CCLL5-E8JTI
 
Tool Versions:
Toolchain:       MDK-ARM Professional  Version: 5.23
Toolchain Path:  D:\Keil_v5\ARM\ARMCC\Bin
C Compiler:      Armcc.exe V5.06 update 4 (build 422)
Assembler:       Armasm.exe V5.06 update 4 (build 422)
Linker/Locator:  ArmLink.exe V5.06 update 4 (build 422)
Library Manager: ArmAr.exe V5.06 update 4 (build 422)
Hex Converter:   FromElf.exe V5.06 update 4 (build 422)
CPU DLL:         SARMCM3.DLL V5.23
Dialog DLL:      DCM.DLL V1.15.0.0
Target DLL:      Segger\JL2CM3.dll V2.99.23.0
Dialog DLL:      TCM.DLL V1.27.0.0
 
<h2>Project:</h2>
F:\RoboMaster\Software\Git\ARMOR\Software\ARMOR.uvprojx
Project File Date:  03/10/2022

<h2>Output:</h2>
*** Using Compiler 'V5.06 update 4 (build 422)', folder: 'D:\Keil_v5\ARM\ARMCC\Bin'
Build target 'ARMOR'
compiling controltask.c...
.\USER\main.h(18): warning:  #1-D: last line of file ends without a newline
  #endif 
.\SYSTEM\timer\timer.h(7): warning:  #1-D: last line of file ends without a newline
  #endif
.\USER\main.h(18): warning:  #1-D: last line of file ends without a newline
  #endif 
TASK\controltask\controltask.c: 3 warnings, 0 errors
linking...
Program Size: Code=3204 RO-data=336 RW-data=64 ZI-data=1248  
FromELF: creating hex file...
".\USER\DebugConfig\ARMOR.axf" - 0 Error(s), 3 Warning(s).

<h2>Collection of Component include folders:</h2>
  .\RTE\_ARMOR
  D:\Keil_v5\PACK\Keil\STM32F1xx_DFP\1.0.5\Device\Include

<h2>Collection of Component Files used:</h2>
Build Time Elapsed:  00:00:01
</pre>
</body>
</html>
